main.c:139:1:__io_putchar	16	static
main.c:145:6:HAL_ADC_ConvCpltCallback	16	static
main.c:153:6:HAL_TIM_PeriodElapsedCallback	24	static
main.c:398:5:main	56	static
main.c:686:6:SystemClock_Config	88	static
main.c:731:13:MX_ADC1_Init	24	static
main.c:901:13:MX_TIM4_Init	48	static
main.c:954:13:MX_TIM6_Init	16	static
main.c:992:13:MX_TIM10_Init	8	static
main.c:1023:13:MX_USART6_UART_Init	8	static
main.c:1054:13:MX_DMA_Init	16	static
main.c:1072:13:MX_GPIO_Init	48	static
main.c:1145:9:rotary_read	16	static
main.c:1155:6:led_rgb	16	static
main.c:1168:6:Error_Handler	4	static,ignoring_inline_asm
