main.c:143:1:__io_putchar	16	static
main.c:149:6:HAL_ADC_ConvCpltCallback	16	static
main.c:157:6:HAL_TIM_PeriodElapsedCallback	40	static
main.c:397:5:main	72	static
main.c:689:6:SystemClock_Config	88	static
main.c:734:13:MX_ADC1_Init	24	static
main.c:904:13:MX_TIM4_Init	48	static
main.c:957:13:MX_TIM6_Init	16	static
main.c:995:13:MX_TIM7_Init	16	static
main.c:1033:13:MX_TIM10_Init	8	static
main.c:1064:13:MX_TIM11_Init	8	static
main.c:1095:13:MX_USART6_UART_Init	8	static
main.c:1126:13:MX_DMA_Init	16	static
main.c:1144:13:MX_GPIO_Init	48	static
main.c:1217:9:rotary_read	16	static
main.c:1227:6:led_rgb	16	static
main.c:1240:6:Error_Handler	4	static,ignoring_inline_asm
