main.c:301:6:HAL_TIM_PeriodElapsedCallback	24	static
main.c:651:5:main	16	static
main.c:1040:6:SystemClock_Config	88	static
main.c:1084:13:MX_ADC1_Init	24	static
main.c:1254:13:MX_I2C1_Init	8	static
main.c:1288:13:MX_SPI2_Init	8	static
main.c:1326:13:MX_TIM1_Init	56	static
main.c:1376:13:MX_TIM3_Init	56	static
main.c:1425:13:MX_TIM4_Init	48	static
main.c:1478:13:MX_TIM6_Init	16	static
main.c:1516:13:MX_TIM10_Init	8	static
main.c:1547:13:MX_TIM11_Init	8	static
main.c:1578:13:MX_USART6_UART_Init	8	static
main.c:1609:13:MX_DMA_Init	16	static
main.c:1627:13:MX_GPIO_Init	48	static
main.c:1710:9:rotary_read	16	static
main.c:1719:6:led_rgb	16	static
main.c:1725:6:sensor_initialize	8	static
main.c:1734:6:sensor_finalize	8	static
main.c:1738:6:running_initialize	8	static
main.c:1776:6:running_finalize	8	static
main.c:1786:6:d_print	8	static
main.c:1921:6:encoder_initialize	8	static
main.c:1929:6:encoder_finalize	8	static
main.c:1934:1:__io_putchar	16	static
main.c:1939:5:low_pass_filter	24	static
main.c:1944:6:HAL_ADC_ConvCpltCallback	32	static
main.c:1966:10:power	24	static
main.c:2009:6:Error_Handler	4	static,ignoring_inline_asm
