analog.c:12:6:analog_set_on_flash	24	static
analog.c:21:6:analog_set_from_flash	24	static
analog.c:30:6:analog_set_calibrationsize	16	static
analog.c:35:9:analog_read_calibrationsize	4	static
analog.c:40:6:analog_calibration_init	16	static
analog.c:49:6:analog_init	8	static
analog.c:58:6:analog_start	8	static
analog.c:63:6:analog_stop	8	static
analog.c:68:6:analog_sensor_start	8	static
analog.c:78:6:analog_sensor_stop	8	static
analog.c:83:10:analog_sensor_get	16	static
analog.c:92:6:HAL_ADC_ConvCpltCallback	312	static
