analog.c:14:6:analog_print	72	static
analog.c:22:6:analog_print_max	72	static
analog.c:32:6:analog_print_min	72	static
analog.c:42:6:analog_set_on_flash	32	static
analog.c:53:6:analog_set_from_flash	24	static
analog.c:63:6:analog_set_calibrationsize	16	static
analog.c:68:9:analog_read_calibrationsize	4	static
analog.c:73:6:analog_calibration_start	16	static
analog.c:84:6:analog_calibration_stop	8	static
analog.c:94:6:analog_init	8	static
analog.c:103:6:analog_start	8	static
analog.c:108:6:analog_stop	8	static
analog.c:113:6:analog_sensor_start	8	static
analog.c:123:6:analog_sensor_stop	8	static
analog.c:128:10:analog_sensor_get	16	static
analog.c:137:6:HAL_ADC_ConvCpltCallback	312	static
