encoder.c:8:6:encoder_init	4	static
encoder.c:13:8:encoder_LENGTHPERPULSE	4	static
encoder.c:18:8:encoder_length	8	static
encoder.c:23:8:encoder_length_left	8	static
encoder.c:28:8:encoder_length_right	8	static
encoder.c:33:6:encoder_finalize	8	static
encoder.c:39:6:encoder_set_middle	4	static
encoder.c:45:6:encoder_start	8	static
encoder.c:54:6:encoder_stop	8	static
encoder.c:60:8:encoder_read	4	static
encoder.c:65:8:encoder_read_left	4	static
encoder.c:70:8:encoder_read_right	4	static
encoder.c:76:6:encoder_set	8	static
