main.c:186:1:__io_putchar	16	static
main.c:192:6:HAL_ADC_ConvCpltCallback	16	static
main.c:200:6:HAL_TIM_PeriodElapsedCallback	32	static
main.c:463:5:main	16	static
main.c:808:6:SystemClock_Config	88	static
main.c:852:13:MX_ADC1_Init	24	static
main.c:1022:13:MX_TIM1_Init	56	static
main.c:1072:13:MX_TIM3_Init	56	static
main.c:1121:13:MX_TIM4_Init	48	static
main.c:1174:13:MX_TIM6_Init	16	static
main.c:1212:13:MX_TIM7_Init	16	static
main.c:1250:13:MX_TIM10_Init	8	static
main.c:1281:13:MX_TIM11_Init	8	static
main.c:1312:13:MX_TIM13_Init	8	static
main.c:1343:13:MX_USART6_UART_Init	8	static
main.c:1374:13:MX_DMA_Init	16	static
main.c:1392:13:MX_GPIO_Init	48	static
main.c:1467:9:rotary_read	16	static
main.c:1477:6:led_rgb	16	static
main.c:1490:6:Error_Handler	4	static,ignoring_inline_asm
