main.c:317:6:HAL_TIM_PeriodElapsedCallback	64	static
main.c:670:5:main	24	static
main.c:1025:6:SystemClock_Config	88	static
main.c:1068:13:MX_ADC1_Init	24	static
main.c:1237:13:MX_I2C1_Init	8	static
main.c:1269:13:MX_SPI2_Init	8	static
main.c:1305:13:MX_TIM1_Init	56	static
main.c:1353:13:MX_TIM3_Init	56	static
main.c:1400:13:MX_TIM4_Init	48	static
main.c:1451:13:MX_TIM6_Init	16	static
main.c:1487:13:MX_TIM10_Init	8	static
main.c:1516:13:MX_TIM11_Init	8	static
main.c:1545:13:MX_USART6_UART_Init	8	static
main.c:1574:13:MX_DMA_Init	16	static
main.c:1591:13:MX_GPIO_Init	48	static
main.c:1674:9:rotary_read	16	static
main.c:1683:6:led_rgb	16	static
main.c:1689:6:sensor_initialize	8	static
main.c:1698:6:sensor_finalize	8	static
main.c:1702:6:running_initialize	16	static
main.c:1736:6:running_finalize	8	static
main.c:1746:6:d_print	24	static
main.c:1892:6:encoder_initialize	8	static
main.c:1909:6:encoder_finalize	8	static
main.c:1914:1:__io_putchar	16	static
main.c:1919:5:low_pass_filter	24	static
main.c:1923:6:HAL_ADC_ConvCpltCallback	32	static
main.c:1946:8:power	48	static
main.c:1991:6:Error_Handler	4	static,ignoring_inline_asm
