main.c:83:6:HAL_TIM_PeriodElapsedCallback	64	static
main.c:476:5:main	24	static
main.c:1043:6:SystemClock_Config	88	static
main.c:1087:13:MX_ADC1_Init	24	static
main.c:1257:13:MX_I2C1_Init	8	static
main.c:1291:13:MX_SPI2_Init	8	static
main.c:1329:13:MX_TIM1_Init	56	static
main.c:1379:13:MX_TIM3_Init	56	static
main.c:1428:13:MX_TIM4_Init	48	static
main.c:1481:13:MX_TIM6_Init	16	static
main.c:1519:13:MX_TIM10_Init	8	static
main.c:1550:13:MX_TIM11_Init	8	static
main.c:1581:13:MX_USART6_UART_Init	8	static
main.c:1612:13:MX_DMA_Init	16	static
main.c:1630:13:MX_GPIO_Init	48	static
main.c:1713:9:rotary_read	16	static
main.c:1723:6:led_rgb	16	static
main.c:1728:6:set_led	16	static
main.c:1741:6:sensor_initialize	8	static
main.c:1750:6:sensor_finalize	8	static
main.c:1754:6:running_initialize	24	static
main.c:1814:6:running_finalize	8	static
main.c:1824:6:d_print	32	static
main.c:1943:6:encoder_initialize	24	static
main.c:1970:6:encoder_finalize	8	static
main.c:1975:1:__io_putchar	16	static
main.c:1980:8:low_pass_filter	40	static
main.c:1984:6:HAL_ADC_ConvCpltCallback	32	static
main.c:2047:8:sigmoid	40	static
main.c:2054:6:eraseFlash	32	static
main.c:2065:6:writeFlash	40	static
main.c:2077:6:loadFlash	24	static
main.c:2087:6:Error_Handler	4	static,ignoring_inline_asm
