main.c:84:6:HAL_TIM_PeriodElapsedCallback	16	static
main.c:113:5:main	8	static
main.c:388:6:SystemClock_Config	88	static
main.c:432:13:MX_ADC1_Init	24	static
main.c:602:13:MX_I2C1_Init	8	static
main.c:636:13:MX_SPI2_Init	8	static
main.c:674:13:MX_TIM1_Init	56	static
main.c:724:13:MX_TIM3_Init	56	static
main.c:773:13:MX_TIM4_Init	48	static
main.c:826:13:MX_TIM6_Init	16	static
main.c:864:13:MX_TIM10_Init	8	static
main.c:895:13:MX_TIM11_Init	8	static
main.c:926:13:MX_TIM14_Init	8	static
main.c:957:13:MX_USART6_UART_Init	8	static
main.c:988:13:MX_DMA_Init	16	static
main.c:1006:13:MX_GPIO_Init	48	static
main.c:1088:6:main_init	8	static
main.c:1101:6:running_start	8	static
main.c:1115:6:running_stop	8	static
main.c:1123:6:imu_initialize	16	static
main.c:1145:6:Error_Handler	4	static,ignoring_inline_asm
