main.c:299:6:HAL_TIM_PeriodElapsedCallback	24	static
main.c:545:5:main	16	static
main.c:908:6:SystemClock_Config	88	static
main.c:949:13:MX_ADC1_Init	24	static
main.c:1101:13:MX_I2C1_Init	8	static
main.c:1133:13:MX_SPI2_Init	8	static
main.c:1169:13:MX_TIM1_Init	56	static
main.c:1217:13:MX_TIM2_Init	48	static
main.c:1264:13:MX_TIM3_Init	56	static
main.c:1311:13:MX_TIM4_Init	48	static
main.c:1362:13:MX_TIM6_Init	16	static
main.c:1398:13:MX_TIM7_Init	16	static
main.c:1434:13:MX_TIM10_Init	8	static
main.c:1463:13:MX_TIM11_Init	8	static
main.c:1492:13:MX_TIM13_Init	8	static
main.c:1521:13:MX_USART6_UART_Init	8	static
main.c:1550:13:MX_DMA_Init	16	static
main.c:1567:13:MX_GPIO_Init	48	static
main.c:1642:9:rotary_read	16	static
main.c:1651:6:led_rgb	16	static
main.c:1657:6:sensor_initialize	8	static
main.c:1667:6:sensor_finalize	8	static
main.c:1672:6:running_initialize	8	static
main.c:1708:6:running_finalize	8	static
main.c:1719:6:d_print	8	static
main.c:1849:6:encoder_initialize	8	static
main.c:1857:6:encoder_finalize	8	static
main.c:1862:1:__io_putchar	16	static
main.c:1867:6:HAL_ADC_ConvCpltCallback	32	static
main.c:1889:10:power	24	static
main.c:1932:6:Error_Handler	4	static,ignoring_inline_asm
