main.c:413:6:HAL_TIM_PeriodElapsedCallback	64	static
main.c:753:5:main	48	static
main.c:1426:6:SystemClock_Config	88	static
main.c:1470:13:MX_ADC1_Init	24	static
main.c:1640:13:MX_I2C1_Init	8	static
main.c:1674:13:MX_SPI2_Init	8	static
main.c:1712:13:MX_TIM1_Init	56	static
main.c:1762:13:MX_TIM3_Init	56	static
main.c:1811:13:MX_TIM4_Init	48	static
main.c:1864:13:MX_TIM6_Init	16	static
main.c:1902:13:MX_TIM10_Init	8	static
main.c:1933:13:MX_TIM11_Init	8	static
main.c:1964:13:MX_USART6_UART_Init	8	static
main.c:1995:13:MX_DMA_Init	16	static
main.c:2013:13:MX_GPIO_Init	48	static
main.c:2096:9:rotary_read	16	static
main.c:2106:6:led_rgb	16	static
main.c:2112:6:set_led	16	static
main.c:2119:6:sensor_initialize	8	static
main.c:2128:6:sensor_finalize	8	static
main.c:2132:6:running_initialize	16	static
main.c:2167:6:running_finalize	8	static
main.c:2177:6:d_print	8	static
main.c:2269:6:encoder_initialize	24	static
main.c:2297:6:encoder_finalize	8	static
main.c:2302:1:__io_putchar	16	static
main.c:2307:8:low_pass_filter	40	static
main.c:2311:6:HAL_ADC_ConvCpltCallback	32	static
main.c:2345:8:power	48	static
main.c:2357:6:eraseFlash	32	static
main.c:2368:6:writeFlash	40	static
main.c:2380:6:loadFlash	24	static
main.c:2390:6:Error_Handler	4	static,ignoring_inline_asm
