main.c:84:6:HAL_TIM_PeriodElapsedCallback	16	static
main.c:113:5:main	8	static
main.c:386:6:SystemClock_Config	88	static
main.c:430:13:MX_ADC1_Init	24	static
main.c:600:13:MX_I2C1_Init	8	static
main.c:634:13:MX_SPI2_Init	8	static
main.c:672:13:MX_TIM1_Init	56	static
main.c:722:13:MX_TIM3_Init	56	static
main.c:771:13:MX_TIM4_Init	48	static
main.c:824:13:MX_TIM6_Init	16	static
main.c:862:13:MX_TIM10_Init	8	static
main.c:893:13:MX_TIM11_Init	8	static
main.c:924:13:MX_TIM14_Init	8	static
main.c:955:13:MX_USART6_UART_Init	8	static
main.c:986:13:MX_DMA_Init	16	static
main.c:1004:13:MX_GPIO_Init	48	static
main.c:1086:6:main_init	8	static
main.c:1098:6:running_start	8	static
main.c:1106:6:running_stop	8	static
main.c:1114:6:imu_initialize	16	static
main.c:1136:6:Error_Handler	4	static,ignoring_inline_asm
