main.c:81:6:HAL_TIM_PeriodElapsedCallback	16	static
main.c:110:5:main	8	static
main.c:381:6:SystemClock_Config	88	static
main.c:425:13:MX_ADC1_Init	24	static
main.c:595:13:MX_I2C1_Init	8	static
main.c:629:13:MX_SPI2_Init	8	static
main.c:667:13:MX_TIM1_Init	56	static
main.c:717:13:MX_TIM3_Init	56	static
main.c:766:13:MX_TIM4_Init	48	static
main.c:819:13:MX_TIM6_Init	16	static
main.c:857:13:MX_TIM10_Init	8	static
main.c:888:13:MX_TIM11_Init	8	static
main.c:919:13:MX_TIM14_Init	8	static
main.c:950:13:MX_USART6_UART_Init	8	static
main.c:981:13:MX_DMA_Init	16	static
main.c:999:13:MX_GPIO_Init	48	static
main.c:1080:6:running_initialize	240072	static
main.c:1094:6:running_finalize	8	static
main.c:1101:6:start_motor	8	static
main.c:1106:6:end_motor	8	static
main.c:1112:6:imu_initialize	16	static
main.c:1128:6:start_analog	8	static
main.c:1134:6:end_analog	8	static
main.c:1140:6:start_encoder	8	static
main.c:1145:6:start_flash	4	static
main.c:1149:6:end_flash	4	static
main.c:1153:6:end_encoder	8	static
main.c:1158:6:main_init	8	static
main.c:1177:6:Error_Handler	4	static,ignoring_inline_asm
