main.c:188:1:__io_putchar	16	static
main.c:194:6:HAL_ADC_ConvCpltCallback	32	static
main.c:227:6:HAL_TIM_PeriodElapsedCallback	24	static
main.c:447:5:main	24	static
main.c:652:6:SystemClock_Config	88	static
main.c:696:13:MX_ADC1_Init	24	static
main.c:866:13:MX_TIM1_Init	56	static
main.c:916:13:MX_TIM3_Init	56	static
main.c:965:13:MX_TIM4_Init	48	static
main.c:1018:13:MX_TIM6_Init	16	static
main.c:1056:13:MX_TIM7_Init	16	static
main.c:1094:13:MX_TIM10_Init	8	static
main.c:1125:13:MX_TIM11_Init	8	static
main.c:1156:13:MX_TIM13_Init	8	static
main.c:1187:13:MX_USART6_UART_Init	8	static
main.c:1218:13:MX_DMA_Init	16	static
main.c:1236:13:MX_GPIO_Init	48	static
main.c:1311:9:rotary_read	16	static
main.c:1321:6:led_rgb	16	static
main.c:1328:6:sensor_initialize	8	static
main.c:1336:6:sensor_finalize	8	static
main.c:1342:6:running_initialize	8	static
main.c:1370:6:running_finalize	8	static
main.c:1382:6:d_print	72	static
main.c:1490:6:Error_Handler	4	static,ignoring_inline_asm
