main.c:188:1:__io_putchar	16	static
main.c:194:6:HAL_ADC_ConvCpltCallback	32	static
main.c:227:6:HAL_TIM_PeriodElapsedCallback	24	static
main.c:447:5:main	24	static
main.c:660:6:SystemClock_Config	88	static
main.c:704:13:MX_ADC1_Init	24	static
main.c:874:13:MX_TIM1_Init	56	static
main.c:924:13:MX_TIM3_Init	56	static
main.c:973:13:MX_TIM4_Init	48	static
main.c:1026:13:MX_TIM6_Init	16	static
main.c:1064:13:MX_TIM7_Init	16	static
main.c:1102:13:MX_TIM10_Init	8	static
main.c:1133:13:MX_TIM11_Init	8	static
main.c:1164:13:MX_TIM13_Init	8	static
main.c:1195:13:MX_USART6_UART_Init	8	static
main.c:1226:13:MX_DMA_Init	16	static
main.c:1244:13:MX_GPIO_Init	48	static
main.c:1319:9:rotary_read	16	static
main.c:1329:6:led_rgb	16	static
main.c:1336:6:sensor_initialize	8	static
main.c:1343:6:sensor_finalize	8	static
main.c:1349:6:running_initialize	8	static
main.c:1367:6:running_finalize	8	static
main.c:1379:6:d_print	72	static
main.c:1487:6:Error_Handler	4	static,ignoring_inline_asm
