main.c:84:6:HAL_TIM_PeriodElapsedCallback	16	static
main.c:113:5:main	8	static
main.c:387:6:SystemClock_Config	88	static
main.c:431:13:MX_ADC1_Init	24	static
main.c:601:13:MX_I2C1_Init	8	static
main.c:635:13:MX_SPI2_Init	8	static
main.c:673:13:MX_TIM1_Init	56	static
main.c:723:13:MX_TIM3_Init	56	static
main.c:772:13:MX_TIM4_Init	48	static
main.c:825:13:MX_TIM6_Init	16	static
main.c:863:13:MX_TIM10_Init	8	static
main.c:894:13:MX_TIM11_Init	8	static
main.c:925:13:MX_TIM14_Init	8	static
main.c:956:13:MX_USART6_UART_Init	8	static
main.c:987:13:MX_DMA_Init	16	static
main.c:1005:13:MX_GPIO_Init	48	static
main.c:1087:6:main_init	8	static
main.c:1099:6:running_start	8	static
main.c:1107:6:running_stop	8	static
main.c:1115:6:imu_initialize	16	static
main.c:1137:6:Error_Handler	4	static,ignoring_inline_asm
