main.c:424:6:HAL_TIM_PeriodElapsedCallback	64	static
main.c:781:5:main	48	static
main.c:1455:6:SystemClock_Config	88	static
main.c:1499:13:MX_ADC1_Init	24	static
main.c:1669:13:MX_I2C1_Init	8	static
main.c:1703:13:MX_SPI2_Init	8	static
main.c:1741:13:MX_TIM1_Init	56	static
main.c:1791:13:MX_TIM3_Init	56	static
main.c:1840:13:MX_TIM4_Init	48	static
main.c:1893:13:MX_TIM6_Init	16	static
main.c:1931:13:MX_TIM10_Init	8	static
main.c:1962:13:MX_TIM11_Init	8	static
main.c:1993:13:MX_USART6_UART_Init	8	static
main.c:2024:13:MX_DMA_Init	16	static
main.c:2042:13:MX_GPIO_Init	48	static
main.c:2125:9:rotary_read	16	static
main.c:2135:6:led_rgb	16	static
main.c:2141:6:set_led	16	static
main.c:2148:6:sensor_initialize	8	static
main.c:2157:6:sensor_finalize	8	static
main.c:2161:6:running_initialize	16	static
main.c:2196:6:running_finalize	8	static
main.c:2206:6:d_print	8	static
main.c:2298:6:encoder_initialize	24	static
main.c:2326:6:encoder_finalize	8	static
main.c:2331:1:__io_putchar	16	static
main.c:2336:8:low_pass_filter	40	static
main.c:2340:6:HAL_ADC_ConvCpltCallback	32	static
main.c:2374:8:power	48	static
main.c:2386:6:eraseFlash	32	static
main.c:2397:6:writeFlash	40	static
main.c:2409:6:loadFlash	24	static
main.c:2419:6:Error_Handler	4	static,ignoring_inline_asm
