main.c:314:6:HAL_TIM_PeriodElapsedCallback	64	static
main.c:652:5:main	24	static
main.c:1000:6:SystemClock_Config	88	static
main.c:1044:13:MX_ADC1_Init	24	static
main.c:1214:13:MX_I2C1_Init	8	static
main.c:1248:13:MX_SPI2_Init	8	static
main.c:1286:13:MX_TIM1_Init	56	static
main.c:1336:13:MX_TIM3_Init	56	static
main.c:1385:13:MX_TIM4_Init	48	static
main.c:1438:13:MX_TIM6_Init	16	static
main.c:1476:13:MX_TIM10_Init	8	static
main.c:1507:13:MX_TIM11_Init	8	static
main.c:1538:13:MX_USART6_UART_Init	8	static
main.c:1569:13:MX_DMA_Init	16	static
main.c:1587:13:MX_GPIO_Init	48	static
main.c:1670:9:rotary_read	16	static
main.c:1680:6:led_rgb	16	static
main.c:1686:6:set_led	16	static
main.c:1693:6:sensor_initialize	8	static
main.c:1702:6:sensor_finalize	8	static
main.c:1706:6:running_initialize	16	static
main.c:1741:6:running_finalize	8	static
main.c:1751:6:d_print	96	static
main.c:1896:6:encoder_initialize	16	static
main.c:1913:6:encoder_finalize	8	static
main.c:1918:1:__io_putchar	16	static
main.c:1923:8:low_pass_filter	40	static
main.c:1927:6:HAL_ADC_ConvCpltCallback	32	static
main.c:1950:8:power	48	static
main.c:1995:6:Error_Handler	4	static,ignoring_inline_asm
