main.c:89:6:HAL_TIM_PeriodElapsedCallback	64	static
main.c:482:5:main	24	static
main.c:1049:6:SystemClock_Config	88	static
main.c:1093:13:MX_ADC1_Init	24	static
main.c:1263:13:MX_I2C1_Init	8	static
main.c:1297:13:MX_SPI2_Init	8	static
main.c:1335:13:MX_TIM1_Init	56	static
main.c:1385:13:MX_TIM3_Init	56	static
main.c:1434:13:MX_TIM4_Init	48	static
main.c:1487:13:MX_TIM6_Init	16	static
main.c:1525:13:MX_TIM10_Init	8	static
main.c:1556:13:MX_TIM11_Init	8	static
main.c:1587:13:MX_USART6_UART_Init	8	static
main.c:1618:13:MX_DMA_Init	16	static
main.c:1636:13:MX_GPIO_Init	48	static
main.c:1718:6:sensor_initialize	8	static
main.c:1727:6:sensor_finalize	8	static
main.c:1731:6:running_initialize	24	static
main.c:1791:6:running_finalize	8	static
main.c:1801:6:encoder_initialize	24	static
main.c:1828:6:encoder_finalize	8	static
main.c:1833:1:__io_putchar	16	static
main.c:1843:6:Error_Handler	4	static,ignoring_inline_asm
