main.c:305:6:HAL_TIM_PeriodElapsedCallback	40	static
main.c:655:5:main	24	static
main.c:1044:6:SystemClock_Config	88	static
main.c:1090:13:MX_ADC1_Init	24	static
main.c:1277:13:MX_I2C1_Init	8	static
main.c:1311:13:MX_SPI2_Init	8	static
main.c:1349:13:MX_TIM1_Init	56	static
main.c:1399:13:MX_TIM3_Init	56	static
main.c:1448:13:MX_TIM4_Init	48	static
main.c:1501:13:MX_TIM6_Init	16	static
main.c:1539:13:MX_TIM10_Init	8	static
main.c:1570:13:MX_TIM11_Init	8	static
main.c:1601:13:MX_USART6_UART_Init	8	static
main.c:1632:13:MX_DMA_Init	16	static
main.c:1650:13:MX_GPIO_Init	48	static
main.c:1733:9:rotary_read	16	static
main.c:1742:6:led_rgb	16	static
main.c:1748:6:sensor_initialize	8	static
main.c:1757:6:sensor_finalize	8	static
main.c:1761:6:running_initialize	16	static
main.c:1797:6:running_finalize	8	static
main.c:1807:6:d_print	8	static
main.c:1944:6:encoder_initialize	8	static
main.c:1952:6:encoder_finalize	8	static
main.c:1957:1:__io_putchar	16	static
main.c:1962:5:low_pass_filter	24	static
main.c:1967:6:HAL_ADC_ConvCpltCallback	32	static
main.c:2035:6:Error_Handler	4	static,ignoring_inline_asm
