main.c:350:6:HAL_TIM_PeriodElapsedCallback	64	static
main.c:686:5:main	32	static
main.c:1073:6:SystemClock_Config	88	static
main.c:1117:13:MX_ADC1_Init	24	static
main.c:1287:13:MX_I2C1_Init	8	static
main.c:1321:13:MX_SPI2_Init	8	static
main.c:1359:13:MX_TIM1_Init	56	static
main.c:1409:13:MX_TIM3_Init	56	static
main.c:1458:13:MX_TIM4_Init	48	static
main.c:1511:13:MX_TIM6_Init	16	static
main.c:1549:13:MX_TIM10_Init	8	static
main.c:1580:13:MX_TIM11_Init	8	static
main.c:1611:13:MX_USART6_UART_Init	8	static
main.c:1642:13:MX_DMA_Init	16	static
main.c:1660:13:MX_GPIO_Init	48	static
main.c:1743:9:rotary_read	16	static
main.c:1753:6:led_rgb	16	static
main.c:1759:6:set_led	16	static
main.c:1766:6:sensor_initialize	8	static
main.c:1775:6:sensor_finalize	8	static
main.c:1779:6:running_initialize	16	static
main.c:1814:6:running_finalize	8	static
main.c:1824:6:d_print	8	static
main.c:1916:6:encoder_initialize	24	static
main.c:1944:6:encoder_finalize	8	static
main.c:1949:1:__io_putchar	16	static
main.c:1954:8:low_pass_filter	40	static
main.c:1958:6:HAL_ADC_ConvCpltCallback	32	static
main.c:1992:8:power	48	static
main.c:2004:6:eraseFlash	32	static
main.c:2015:6:writeFlash	40	static
main.c:2027:6:loadFlash	24	static
main.c:2037:6:Error_Handler	4	static,ignoring_inline_asm
