main.c:89:6:HAL_TIM_PeriodElapsedCallback	80	static
main.c:355:5:main	32	static
main.c:928:6:SystemClock_Config	88	static
main.c:972:13:MX_ADC1_Init	24	static
main.c:1142:13:MX_I2C1_Init	8	static
main.c:1176:13:MX_SPI2_Init	8	static
main.c:1214:13:MX_TIM1_Init	56	static
main.c:1264:13:MX_TIM3_Init	56	static
main.c:1313:13:MX_TIM4_Init	48	static
main.c:1366:13:MX_TIM6_Init	16	static
main.c:1404:13:MX_TIM10_Init	8	static
main.c:1435:13:MX_TIM11_Init	8	static
main.c:1466:13:MX_TIM14_Init	8	static
main.c:1497:13:MX_USART6_UART_Init	8	static
main.c:1528:13:MX_DMA_Init	16	static
main.c:1546:13:MX_GPIO_Init	48	static
main.c:1629:9:read_sidesens	16	static
main.c:1639:6:sensor_initialize	8	static
main.c:1648:6:sensor_finalize	8	static
main.c:1652:6:running_initialize	24	static
main.c:1718:6:running_finalize	8	static
main.c:1738:6:encoder_initialize	24	static
main.c:1763:6:encoder_finalize	8	static
main.c:1768:1:__io_putchar	16	static
main.c:1778:6:Error_Handler	4	static,ignoring_inline_asm
