main.c:269:6:HAL_TIM_PeriodElapsedCallback	24	static
main.c:522:5:main	1328	static
main.c:849:6:SystemClock_Config	88	static
main.c:893:13:MX_ADC1_Init	24	static
main.c:1063:13:MX_I2C1_Init	8	static
main.c:1097:13:MX_SPI2_Init	8	static
main.c:1135:13:MX_TIM1_Init	56	static
main.c:1185:13:MX_TIM2_Init	48	static
main.c:1234:13:MX_TIM3_Init	56	static
main.c:1283:13:MX_TIM4_Init	48	static
main.c:1336:13:MX_TIM6_Init	16	static
main.c:1374:13:MX_TIM7_Init	16	static
main.c:1412:13:MX_TIM10_Init	8	static
main.c:1443:13:MX_TIM11_Init	8	static
main.c:1474:13:MX_TIM13_Init	8	static
main.c:1505:13:MX_USART6_UART_Init	8	static
main.c:1536:13:MX_DMA_Init	16	static
main.c:1554:13:MX_GPIO_Init	48	static
main.c:1629:9:rotary_read	16	static
main.c:1639:6:led_rgb	16	static
main.c:1646:6:sensor_initialize	8	static
main.c:1654:6:sensor_finalize	8	static
main.c:1660:6:running_initialize	8	static
main.c:1691:6:running_finalize	8	static
main.c:1703:6:d_print	72	static
main.c:1805:1:__io_putchar	16	static
main.c:1811:6:HAL_ADC_ConvCpltCallback	32	static
main.c:1837:10:power	24	static
main.c:1849:6:eraseFlash	32	static
main.c:1861:6:writeFlash	40	static
main.c:1875:6:loadFlash	24	static
main.c:1886:6:Error_Handler	4	static,ignoring_inline_asm
