main.c:77:1:__io_putchar	16	static
main.c:93:5:main	16	static
main.c:165:6:SystemClock_Config	88	static
main.c:210:13:MX_ADC1_Init	24	static
main.c:260:13:MX_TIM2_Init	48	static
main.c:309:13:MX_TIM4_Init	48	static
main.c:362:13:MX_TIM6_Init	16	static
main.c:400:13:MX_TIM7_Init	16	static
main.c:438:13:MX_USART6_UART_Init	8	static
main.c:469:13:MX_DMA_Init	16	static
main.c:487:13:MX_GPIO_Init	48	static
main.c:558:6:HAL_ADC_ConvCpltCallback	16	static
main.c:569:6:Error_Handler	4	static,ignoring_inline_asm
