main.c:77:1:__io_putchar	16	static
main.c:93:5:main	16	static
main.c:163:6:SystemClock_Config	88	static
main.c:208:13:MX_ADC1_Init	24	static
main.c:282:13:MX_TIM2_Init	48	static
main.c:331:13:MX_TIM4_Init	48	static
main.c:384:13:MX_TIM6_Init	16	static
main.c:422:13:MX_TIM7_Init	16	static
main.c:460:13:MX_USART6_UART_Init	8	static
main.c:491:13:MX_DMA_Init	16	static
main.c:509:13:MX_GPIO_Init	48	static
main.c:580:6:HAL_ADC_ConvCpltCallback	16	static
main.c:591:6:Error_Handler	4	static,ignoring_inline_asm
