main.c:191:6:HAL_TIM_PeriodElapsedCallback	40	static
main.c:302:5:main	24	static
main.c:421:6:SystemClock_Config	88	static
main.c:465:13:MX_ADC1_Init	24	static
main.c:635:13:MX_I2C1_Init	8	static
main.c:669:13:MX_SPI2_Init	8	static
main.c:707:13:MX_TIM1_Init	56	static
main.c:757:13:MX_TIM3_Init	56	static
main.c:806:13:MX_TIM4_Init	48	static
main.c:859:13:MX_TIM6_Init	16	static
main.c:897:13:MX_TIM10_Init	8	static
main.c:928:13:MX_TIM11_Init	8	static
main.c:959:13:MX_USART6_UART_Init	8	static
main.c:990:13:MX_DMA_Init	16	static
main.c:1008:13:MX_GPIO_Init	48	static
main.c:1091:9:rotary_read	16	static
main.c:1101:6:led_rgb	16	static
main.c:1107:6:set_led	16	static
main.c:1114:6:running_initialize	16	static
main.c:1143:6:running_finalize	8	static
main.c:1152:6:d_print	24	static
main.c:1197:6:IMU_Coordinate_printf	16	static
main.c:1201:6:IMU_Inertial_printf	16	static
main.c:1212:6:IMU_Displacement_printf	16	static
main.c:1223:6:IMU_print	8	static
main.c:1232:6:encoder_initialize	8	static
main.c:1249:6:encoder_finalize	8	static
main.c:1254:1:__io_putchar	16	static
main.c:1259:8:low_pass_filter	40	static
main.c:1264:8:power	48	static
main.c:1281:6:Error_Handler	4	static,ignoring_inline_asm
