main.c:316:6:HAL_TIM_PeriodElapsedCallback	64	static
main.c:626:5:main	24	static
main.c:1029:6:SystemClock_Config	88	static
main.c:1073:13:MX_ADC1_Init	24	static
main.c:1243:13:MX_I2C1_Init	8	static
main.c:1277:13:MX_SPI2_Init	8	static
main.c:1315:13:MX_TIM1_Init	56	static
main.c:1365:13:MX_TIM3_Init	56	static
main.c:1414:13:MX_TIM4_Init	48	static
main.c:1467:13:MX_TIM6_Init	16	static
main.c:1505:13:MX_TIM10_Init	8	static
main.c:1536:13:MX_TIM11_Init	8	static
main.c:1567:13:MX_USART6_UART_Init	8	static
main.c:1598:13:MX_DMA_Init	16	static
main.c:1616:13:MX_GPIO_Init	48	static
main.c:1699:9:rotary_read	16	static
main.c:1709:6:led_rgb	16	static
main.c:1715:6:set_led	16	static
main.c:1722:6:sensor_initialize	8	static
main.c:1731:6:sensor_finalize	8	static
main.c:1735:6:running_initialize	16	static
main.c:1771:6:running_finalize	8	static
main.c:1781:6:d_print	8	static
main.c:1887:6:encoder_initialize	16	static
main.c:1904:6:encoder_finalize	8	static
main.c:1909:1:__io_putchar	16	static
main.c:1914:8:low_pass_filter	40	static
main.c:1918:6:HAL_ADC_ConvCpltCallback	32	static
main.c:1952:8:power	48	static
main.c:1997:6:Error_Handler	4	static,ignoring_inline_asm
